// Jest Snapshot v1, https://goo.gl/fbAQLP

exports[`parseMarkdown should parse markdown 1`] = `
Array [
  Object {
    "content": "    

      
console.log(1)",
    "language": "jsx",
    "location": Object {
      "end": Object {
        "column": 12,
        "line": 3,
        "offset": 27,
      },
      "start": Object {
        "column": 0,
        "line": 3,
        "offset": 13,
      },
    },
  },
  Object {
    "content": "    

      
              
   

     

      
const a = 1",
    "language": "tsx",
    "location": Object {
      "end": Object {
        "column": 9,
        "line": 9,
        "offset": 58,
      },
      "start": Object {
        "column": 0,
        "line": 9,
        "offset": 47,
      },
    },
  },
  Object {
    "content": "    

      
              
   

     

      
           
   

      

      
const b = 2",
    "language": "tsx",
    "location": Object {
      "end": Object {
        "column": 9,
        "line": 15,
        "offset": 90,
      },
      "start": Object {
        "column": 0,
        "line": 15,
        "offset": 79,
      },
    },
  },
  Object {
    "content": "    

      
              
   

     

      
           
   

      

      
           
   

      
     
const a = 1",
    "language": "js",
    "location": Object {
      "end": Object {
        "column": 9,
        "line": 20,
        "offset": 120,
      },
      "start": Object {
        "column": 0,
        "line": 20,
        "offset": 109,
      },
    },
  },
  Object {
    "content": "    

      
              
   

     

      
           
   

      

      
           
   

      
     
           
   

      
     
const a = 1",
    "language": "ts",
    "location": Object {
      "end": Object {
        "column": 9,
        "line": 25,
        "offset": 150,
      },
      "start": Object {
        "column": 0,
        "line": 25,
        "offset": 139,
      },
    },
  },
]
`;
